================================================================================
MAP-Elites Level Generation for Flappy Bird
================================================================================

Using UltraFastLevelTester (10-15x speed, optimized for PCG)

Starting MAP-Elites evolution...
Starting MAP-Elites with 500 iterations
Archive dimensions: (8, 8)

Initializing archive with 150 random genomes...
pygame 2.5.2 (SDL 2.28.2, Python 3.9.2)
Hello from the pygame community. https://www.pygame.org/contribute.html
  Initialized 10/150 genomes (coverage: 14.1%)
  Initialized 20/150 genomes (coverage: 28.1%)
  Initialized 30/150 genomes (coverage: 40.6%)
  Initialized 40/150 genomes (coverage: 46.9%)
  Initialized 50/150 genomes (coverage: 54.7%)
  Initialized 60/150 genomes (coverage: 57.8%)
  Initialized 70/150 genomes (coverage: 62.5%)
  Initialized 80/150 genomes (coverage: 67.2%)
  Initialized 90/150 genomes (coverage: 68.8%)
  Initialized 100/150 genomes (coverage: 75.0%)
  Initialized 110/150 genomes (coverage: 78.1%)
  Initialized 120/150 genomes (coverage: 79.7%)
  Initialized 130/150 genomes (coverage: 81.2%)
  Initialized 140/150 genomes (coverage: 84.4%)
  Initialized 150/150 genomes (coverage: 87.5%)

Iteration 50/500 (10.0%)
  Coverage: 90.6% (58 elites)
  Quality: avg=0.355, max=0.551, min=0.064
  Speed: 0.4 iter/s, Elapsed: 125.6s, ETA: 1130.8s

Iteration 100/500 (20.0%)
  Coverage: 90.6% (58 elites)
  Quality: avg=0.357, max=0.551, min=0.064
  Speed: 0.6 iter/s, Elapsed: 158.5s, ETA: 633.9s

Iteration 150/500 (30.0%)
  Coverage: 90.6% (58 elites)
  Quality: avg=0.366, max=0.551, min=0.064
  Speed: 0.8 iter/s, Elapsed: 189.7s, ETA: 442.7s

Iteration 200/500 (40.0%)
  Coverage: 90.6% (58 elites)
  Quality: avg=0.381, max=0.551, min=0.064
  Speed: 0.9 iter/s, Elapsed: 219.6s, ETA: 329.4s

Iteration 250/500 (50.0%)
  Coverage: 92.2% (59 elites)
  Quality: avg=0.389, max=0.601, min=0.064
  Speed: 1.0 iter/s, Elapsed: 251.4s, ETA: 251.4s

Iteration 300/500 (60.0%)
  Coverage: 92.2% (59 elites)
  Quality: avg=0.396, max=0.601, min=0.064
  Speed: 1.1 iter/s, Elapsed: 281.1s, ETA: 187.4s

Iteration 350/500 (70.0%)
  Coverage: 92.2% (59 elites)
  Quality: avg=0.409, max=0.601, min=0.064
  Speed: 1.1 iter/s, Elapsed: 309.8s, ETA: 132.8s

Iteration 400/500 (80.0%)
  Coverage: 92.2% (59 elites)
  Quality: avg=0.413, max=0.601, min=0.064
  Speed: 1.2 iter/s, Elapsed: 339.6s, ETA: 84.9s

Iteration 450/500 (90.0%)
  Coverage: 92.2% (59 elites)
  Quality: avg=0.413, max=0.614, min=0.064
  Speed: 1.2 iter/s, Elapsed: 367.1s, ETA: 40.8s

Iteration 500/500 (100.0%)
  Coverage: 92.2% (59 elites)
  Quality: avg=0.415, max=0.614, min=0.064
  Speed: 1.3 iter/s, Elapsed: 395.1s, ETA: 0.0s

============================================================
MAP-Elites Complete!
============================================================
Total iterations: 500
Total evaluations: 650
Time elapsed: 395.1s

Archive Statistics:
  Coverage: 92.2% (59 elites)
  Quality: avg=0.415, max=0.614, min=0.064
============================================================


Evolution completed in 395.1s
Final coverage: 92.2%
Total elites: 59
Quality range: [0.064, 0.614]
Archive saved to data/map_elites_archive_new.json

================================================================================
Top 5 Level Genomes:
================================================================================

1. Quality: 0.614 | Gap tightness: 0.81 | Item richness: 0.19
   Cell: (6, 1)
   Level structure:
     Total pipes: 24
     Total items: 15 (3 coins)
     Length: 900.0 units
     Avg gap size: 8.2, Avg spacing: 36.1

2. Quality: 0.558 | Gap tightness: 0.94 | Item richness: 0.31
   Cell: (7, 2)
   Level structure:
     Total pipes: 21
     Total items: 17 (10 coins)
     Length: 900.0 units
     Avg gap size: 7.6, Avg spacing: 42.6

3. Quality: 0.551 | Gap tightness: 0.69 | Item richness: 0.31
   Cell: (5, 2)
   Level structure:
     Total pipes: 25
     Total items: 16 (5 coins)
     Length: 900.0 units
     Avg gap size: 8.3, Avg spacing: 35.2

4. Quality: 0.530 | Gap tightness: 0.44 | Item richness: 0.19
   Cell: (3, 1)
   Level structure:
     Total pipes: 17
     Total items: 8 (6 coins)
     Length: 900.0 units
     Avg gap size: 9.2, Avg spacing: 53.1

5. Quality: 0.527 | Gap tightness: 0.44 | Item richness: 0.94
   Cell: (3, 7)
   Level structure:
     Total pipes: 17
     Total items: 24 (17 coins)
     Length: 900.0 units
     Avg gap size: 9.3, Avg spacing: 51.1

Saved top 10 genomes to data/pcg_levels/
Heatmap saved to data/map_elites_archive_new_heatmap.png

================================================================================
Done!
================================================================================
